// Jest Snapshot v1, https://goo.gl/fbAQLP

exports[`Search Bar renders properly 1`] = `
ShallowWrapper {
  "length": 1,
  Symbol(enzyme.__root__): [Circular],
  Symbol(enzyme.__unrendered__): <SearchBar
    handleSubmit={[Function]}
    history={
        Object {
            "push": [Function],
          }
    }
    match={
        Object {
            "url": "/search",
          }
    }
/>,
  Symbol(enzyme.__renderer__): Object {
    "batchedUpdates": [Function],
    "getNode": [Function],
    "render": [Function],
    "simulateEvent": [Function],
    "unmount": [Function],
  },
  Symbol(enzyme.__node__): Object {
    "instance": null,
    "key": undefined,
    "nodeType": "host",
    "props": Object {
      "children": <Field
        autoFocus={true}
        component={[Function]}
        name="query"
        placeholder="Search"
/>,
      "onSubmit": undefined,
    },
    "ref": null,
    "rendered": Object {
      "instance": null,
      "key": undefined,
      "nodeType": "class",
      "props": Object {
        "autoFocus": true,
        "component": [Function],
        "name": "query",
        "placeholder": "Search",
      },
      "ref": null,
      "rendered": null,
      "type": [Function],
    },
    "type": "form",
  },
  Symbol(enzyme.__nodes__): Array [
    Object {
      "instance": null,
      "key": undefined,
      "nodeType": "host",
      "props": Object {
        "children": <Field
          autoFocus={true}
          component={[Function]}
          name="query"
          placeholder="Search"
/>,
        "onSubmit": undefined,
      },
      "ref": null,
      "rendered": Object {
        "instance": null,
        "key": undefined,
        "nodeType": "class",
        "props": Object {
          "autoFocus": true,
          "component": [Function],
          "name": "query",
          "placeholder": "Search",
        },
        "ref": null,
        "rendered": null,
        "type": [Function],
      },
      "type": "form",
    },
  ],
  Symbol(enzyme.__options__): Object {
    "adapter": ReactSixteenAdapter {
      "options": Object {
        "enableComponentDidUpdateOnSetState": true,
      },
    },
  },
}
`;
