// Jest Snapshot v1, https://goo.gl/fbAQLP

exports[`Search List renders properly 1`] = `
ShallowWrapper {
  "length": 1,
  Symbol(enzyme.__root__): [Circular],
  Symbol(enzyme.__unrendered__): <SearchList
    emptyResults={[Function]}
    match={
        Object {
            "params": Object {
              "page": 2,
              "query": "lady",
            },
          }
    }
    results={
        Array [
            Object {
              "name": "test1",
            },
            Object {
              "name": "test2",
            },
          ]
    }
    search={[Function]}
/>,
  Symbol(enzyme.__renderer__): Object {
    "batchedUpdates": [Function],
    "getNode": [Function],
    "render": [Function],
    "simulateEvent": [Function],
    "unmount": [Function],
  },
  Symbol(enzyme.__node__): Object {
    "instance": null,
    "key": undefined,
    "nodeType": "class",
    "props": Object {
      "children": Array [
        <TertiaryHeading>
          Results: 
</TertiaryHeading>,
        <ResultList>
          <li>
                    <SearchListItem
                              show={
                                        Object {
                                                  "name": "test1",
                                                }
                              }
                    />
          </li>
          <li>
                    <SearchListItem
                              show={
                                        Object {
                                                  "name": "test2",
                                                }
                              }
                    />
          </li>
</ResultList>,
      ],
    },
    "ref": null,
    "rendered": Array [
      Object {
        "instance": null,
        "key": undefined,
        "nodeType": "class",
        "props": Object {
          "children": Array [
            "Results: ",
            undefined,
          ],
        },
        "ref": null,
        "rendered": Array [
          "Results: ",
          undefined,
        ],
        "type": [Function],
      },
      Object {
        "instance": null,
        "key": undefined,
        "nodeType": "class",
        "props": Object {
          "children": Array [
            <li>
              <SearchListItem
                            show={
                                          Object {
                                                        "name": "test1",
                                                      }
                            }
              />
</li>,
            <li>
              <SearchListItem
                            show={
                                          Object {
                                                        "name": "test2",
                                                      }
                            }
              />
</li>,
          ],
        },
        "ref": null,
        "rendered": Array [
          Object {
            "instance": null,
            "key": "0",
            "nodeType": "host",
            "props": Object {
              "children": <SearchListItem
                show={
                                Object {
                                                "name": "test1",
                                              }
                }
/>,
            },
            "ref": null,
            "rendered": Object {
              "instance": null,
              "key": undefined,
              "nodeType": "function",
              "props": Object {
                "show": Object {
                  "name": "test1",
                },
              },
              "ref": null,
              "rendered": null,
              "type": [Function],
            },
            "type": "li",
          },
          Object {
            "instance": null,
            "key": "1",
            "nodeType": "host",
            "props": Object {
              "children": <SearchListItem
                show={
                                Object {
                                                "name": "test2",
                                              }
                }
/>,
            },
            "ref": null,
            "rendered": Object {
              "instance": null,
              "key": undefined,
              "nodeType": "function",
              "props": Object {
                "show": Object {
                  "name": "test2",
                },
              },
              "ref": null,
              "rendered": null,
              "type": [Function],
            },
            "type": "li",
          },
        ],
        "type": [Function],
      },
    ],
    "type": [Function],
  },
  Symbol(enzyme.__nodes__): Array [
    Object {
      "instance": null,
      "key": undefined,
      "nodeType": "class",
      "props": Object {
        "children": Array [
          <TertiaryHeading>
            Results: 
</TertiaryHeading>,
          <ResultList>
            <li>
                        <SearchListItem
                                    show={
                                                Object {
                                                            "name": "test1",
                                                          }
                                    }
                        />
            </li>
            <li>
                        <SearchListItem
                                    show={
                                                Object {
                                                            "name": "test2",
                                                          }
                                    }
                        />
            </li>
</ResultList>,
        ],
      },
      "ref": null,
      "rendered": Array [
        Object {
          "instance": null,
          "key": undefined,
          "nodeType": "class",
          "props": Object {
            "children": Array [
              "Results: ",
              undefined,
            ],
          },
          "ref": null,
          "rendered": Array [
            "Results: ",
            undefined,
          ],
          "type": [Function],
        },
        Object {
          "instance": null,
          "key": undefined,
          "nodeType": "class",
          "props": Object {
            "children": Array [
              <li>
                <SearchListItem
                                show={
                                                Object {
                                                                "name": "test1",
                                                              }
                                }
                />
</li>,
              <li>
                <SearchListItem
                                show={
                                                Object {
                                                                "name": "test2",
                                                              }
                                }
                />
</li>,
            ],
          },
          "ref": null,
          "rendered": Array [
            Object {
              "instance": null,
              "key": "0",
              "nodeType": "host",
              "props": Object {
                "children": <SearchListItem
                  show={
                                    Object {
                                                      "name": "test1",
                                                    }
                  }
/>,
              },
              "ref": null,
              "rendered": Object {
                "instance": null,
                "key": undefined,
                "nodeType": "function",
                "props": Object {
                  "show": Object {
                    "name": "test1",
                  },
                },
                "ref": null,
                "rendered": null,
                "type": [Function],
              },
              "type": "li",
            },
            Object {
              "instance": null,
              "key": "1",
              "nodeType": "host",
              "props": Object {
                "children": <SearchListItem
                  show={
                                    Object {
                                                      "name": "test2",
                                                    }
                  }
/>,
              },
              "ref": null,
              "rendered": Object {
                "instance": null,
                "key": undefined,
                "nodeType": "function",
                "props": Object {
                  "show": Object {
                    "name": "test2",
                  },
                },
                "ref": null,
                "rendered": null,
                "type": [Function],
              },
              "type": "li",
            },
          ],
          "type": [Function],
        },
      ],
      "type": [Function],
    },
  ],
  Symbol(enzyme.__options__): Object {
    "adapter": ReactSixteenAdapter {
      "options": Object {
        "enableComponentDidUpdateOnSetState": true,
      },
    },
  },
}
`;
