// Jest Snapshot v1, https://goo.gl/fbAQLP

exports[`Sign In renders properly 1`] = `
ShallowWrapper {
  "length": 1,
  Symbol(enzyme.__root__): [Circular],
  Symbol(enzyme.__unrendered__): <SignIn
    authError={[Function]}
    handleSubmit={[Function]}
    signInUser={[Function]}
/>,
  Symbol(enzyme.__renderer__): Object {
    "batchedUpdates": [Function],
    "getNode": [Function],
    "render": [Function],
    "simulateEvent": [Function],
    "unmount": [Function],
  },
  Symbol(enzyme.__node__): Object {
    "instance": null,
    "key": undefined,
    "nodeType": "class",
    "props": Object {
      "children": Array [
        <Title>
          Sign In
</Title>,
        <Field
          autoFocus={true}
          component={[Function]}
          label="Email"
          name="email"
          type="email"
/>,
        <Field
          component={[Function]}
          label="Password"
          name="password"
          type="password"
/>,
        <Button
          large={true}
          type="submit"
>
          Sign In
</Button>,
        undefined,
      ],
      "onSubmit": undefined,
    },
    "ref": null,
    "rendered": Array [
      Object {
        "instance": null,
        "key": undefined,
        "nodeType": "class",
        "props": Object {
          "children": "Sign In",
        },
        "ref": null,
        "rendered": "Sign In",
        "type": [Function],
      },
      Object {
        "instance": null,
        "key": undefined,
        "nodeType": "class",
        "props": Object {
          "autoFocus": true,
          "component": [Function],
          "label": "Email",
          "name": "email",
          "type": "email",
        },
        "ref": null,
        "rendered": null,
        "type": [Function],
      },
      Object {
        "instance": null,
        "key": undefined,
        "nodeType": "class",
        "props": Object {
          "component": [Function],
          "label": "Password",
          "name": "password",
          "type": "password",
        },
        "ref": null,
        "rendered": null,
        "type": [Function],
      },
      Object {
        "instance": null,
        "key": undefined,
        "nodeType": "class",
        "props": Object {
          "children": "Sign In",
          "large": true,
          "type": "submit",
        },
        "ref": null,
        "rendered": "Sign In",
        "type": [Function],
      },
      undefined,
    ],
    "type": [Function],
  },
  Symbol(enzyme.__nodes__): Array [
    Object {
      "instance": null,
      "key": undefined,
      "nodeType": "class",
      "props": Object {
        "children": Array [
          <Title>
            Sign In
</Title>,
          <Field
            autoFocus={true}
            component={[Function]}
            label="Email"
            name="email"
            type="email"
/>,
          <Field
            component={[Function]}
            label="Password"
            name="password"
            type="password"
/>,
          <Button
            large={true}
            type="submit"
>
            Sign In
</Button>,
          undefined,
        ],
        "onSubmit": undefined,
      },
      "ref": null,
      "rendered": Array [
        Object {
          "instance": null,
          "key": undefined,
          "nodeType": "class",
          "props": Object {
            "children": "Sign In",
          },
          "ref": null,
          "rendered": "Sign In",
          "type": [Function],
        },
        Object {
          "instance": null,
          "key": undefined,
          "nodeType": "class",
          "props": Object {
            "autoFocus": true,
            "component": [Function],
            "label": "Email",
            "name": "email",
            "type": "email",
          },
          "ref": null,
          "rendered": null,
          "type": [Function],
        },
        Object {
          "instance": null,
          "key": undefined,
          "nodeType": "class",
          "props": Object {
            "component": [Function],
            "label": "Password",
            "name": "password",
            "type": "password",
          },
          "ref": null,
          "rendered": null,
          "type": [Function],
        },
        Object {
          "instance": null,
          "key": undefined,
          "nodeType": "class",
          "props": Object {
            "children": "Sign In",
            "large": true,
            "type": "submit",
          },
          "ref": null,
          "rendered": "Sign In",
          "type": [Function],
        },
        undefined,
      ],
      "type": [Function],
    },
  ],
  Symbol(enzyme.__options__): Object {
    "adapter": ReactSixteenAdapter {
      "options": Object {
        "enableComponentDidUpdateOnSetState": true,
      },
    },
  },
}
`;
